TimeQuest Timing Analyzer report for topoPart1
Thu Apr 28 11:59:59 2016
Quartus II 64-Bit Version 13.0.1 Build 232 06/12/2013 Service Pack 1 SJ Web Edition


---------------------
; Table of Contents ;
---------------------
  1. Legal Notice
  2. TimeQuest Timing Analyzer Summary
  3. Parallel Compilation
  4. Clocks
  5. Slow Model Fmax Summary
  6. Slow Model Setup Summary
  7. Slow Model Hold Summary
  8. Slow Model Recovery Summary
  9. Slow Model Removal Summary
 10. Slow Model Minimum Pulse Width Summary
 11. Propagation Delay
 12. Minimum Propagation Delay
 13. Fast Model Setup Summary
 14. Fast Model Hold Summary
 15. Fast Model Recovery Summary
 16. Fast Model Removal Summary
 17. Fast Model Minimum Pulse Width Summary
 18. Propagation Delay
 19. Minimum Propagation Delay
 20. Multicorner Timing Analysis Summary
 21. Progagation Delay
 22. Minimum Progagation Delay
 23. Clock Transfers
 24. Report TCCS
 25. Report RSKM
 26. Unconstrained Paths
 27. TimeQuest Timing Analyzer Messages



----------------
; Legal Notice ;
----------------
Copyright (C) 1991-2013 Altera Corporation
Your use of Altera Corporation's design tools, logic functions 
and other software and tools, and its AMPP partner logic 
functions, and any output files from any of the foregoing 
(including device programming or simulation files), and any 
associated documentation or information are expressly subject 
to the terms and conditions of the Altera Program License 
Subscription Agreement, Altera MegaCore Function License 
Agreement, or other applicable license agreement, including, 
without limitation, that your use is for the sole purpose of 
programming logic devices manufactured by Altera and sold by 
Altera or its authorized distributors.  Please refer to the 
applicable agreement for further details.



+----------------------------------------------------------------------------------------+
; TimeQuest Timing Analyzer Summary                                                      ;
+--------------------+-------------------------------------------------------------------+
; Quartus II Version ; Version 13.0.1 Build 232 06/12/2013 Service Pack 1 SJ Web Edition ;
; Revision Name      ; topoPart1                                                         ;
; Device Family      ; Cyclone II                                                        ;
; Device Name        ; EP2C35F672C6                                                      ;
; Timing Models      ; Final                                                             ;
; Delay Model        ; Combined                                                          ;
; Rise/Fall Delays   ; Unavailable                                                       ;
+--------------------+-------------------------------------------------------------------+


Parallel compilation was disabled, but you have multiple processors available. Enable parallel compilation to reduce compilation time.
+-------------------------------------+
; Parallel Compilation                ;
+----------------------------+--------+
; Processors                 ; Number ;
+----------------------------+--------+
; Number detected on machine ; 4      ;
; Maximum allowed            ; 1      ;
+----------------------------+--------+


----------
; Clocks ;
----------
No clocks to report.


---------------------------
; Slow Model Fmax Summary ;
---------------------------
No paths to report.


----------------------------
; Slow Model Setup Summary ;
----------------------------
No paths to report.


---------------------------
; Slow Model Hold Summary ;
---------------------------
No paths to report.


-------------------------------
; Slow Model Recovery Summary ;
-------------------------------
No paths to report.


------------------------------
; Slow Model Removal Summary ;
------------------------------
No paths to report.


------------------------------------------
; Slow Model Minimum Pulse Width Summary ;
------------------------------------------
No paths to report.


+--------------------------------------------------------------+
; Propagation Delay                                            ;
+------------+-------------+--------+--------+--------+--------+
; Input Port ; Output Port ; RR     ; RF     ; FR     ; FF     ;
+------------+-------------+--------+--------+--------+--------+
; SW[0]      ; HEX0[0]     ; 7.167  ; 7.167  ; 7.167  ; 7.167  ;
; SW[0]      ; HEX0[1]     ; 7.143  ; 7.143  ; 7.143  ; 7.143  ;
; SW[0]      ; HEX0[2]     ;        ; 7.140  ; 7.140  ;        ;
; SW[0]      ; HEX0[3]     ; 6.915  ; 6.915  ; 6.915  ; 6.915  ;
; SW[0]      ; HEX0[4]     ; 6.904  ;        ;        ; 6.904  ;
; SW[0]      ; HEX0[5]     ; 6.903  ;        ;        ; 6.903  ;
; SW[0]      ; HEX0[6]     ; 6.895  ;        ;        ; 6.895  ;
; SW[1]      ; HEX0[0]     ; 7.306  ; 7.306  ; 7.306  ; 7.306  ;
; SW[1]      ; HEX0[1]     ; 7.282  ; 7.282  ; 7.282  ; 7.282  ;
; SW[1]      ; HEX0[2]     ; 7.277  ;        ;        ; 7.277  ;
; SW[1]      ; HEX0[3]     ; 7.053  ; 7.053  ; 7.053  ; 7.053  ;
; SW[1]      ; HEX0[4]     ; 7.045  ; 7.045  ; 7.045  ; 7.045  ;
; SW[1]      ; HEX0[5]     ; 7.039  ;        ;        ; 7.039  ;
; SW[1]      ; HEX0[6]     ; 7.031  ; 7.031  ; 7.031  ; 7.031  ;
; SW[2]      ; HEX0[0]     ; 6.879  ; 6.879  ; 6.879  ; 6.879  ;
; SW[2]      ; HEX0[1]     ; 6.856  ;        ;        ; 6.856  ;
; SW[2]      ; HEX0[2]     ; 6.853  ; 6.853  ; 6.853  ; 6.853  ;
; SW[2]      ; HEX0[3]     ; 6.626  ; 6.626  ; 6.626  ; 6.626  ;
; SW[2]      ; HEX0[4]     ; 6.624  ;        ;        ; 6.624  ;
; SW[2]      ; HEX0[5]     ; 6.614  ; 6.614  ; 6.614  ; 6.614  ;
; SW[2]      ; HEX0[6]     ; 6.612  ; 6.612  ; 6.612  ; 6.612  ;
; SW[3]      ; HEX0[0]     ; 6.267  ; 6.267  ; 6.267  ; 6.267  ;
; SW[3]      ; HEX0[1]     ; 6.240  ;        ;        ; 6.240  ;
; SW[3]      ; HEX0[2]     ; 6.237  ;        ;        ; 6.237  ;
; SW[3]      ; HEX0[3]     ; 6.010  ;        ;        ; 6.010  ;
; SW[3]      ; HEX0[4]     ; 6.001  ;        ;        ; 6.001  ;
; SW[3]      ; HEX0[5]     ; 5.999  ; 5.999  ; 5.999  ; 5.999  ;
; SW[3]      ; HEX0[6]     ; 5.991  ; 5.991  ; 5.991  ; 5.991  ;
; SW[4]      ; HEX1[0]     ; 6.653  ; 6.653  ; 6.653  ; 6.653  ;
; SW[4]      ; HEX1[1]     ; 6.711  ; 6.711  ; 6.711  ; 6.711  ;
; SW[4]      ; HEX1[2]     ;        ; 6.311  ; 6.311  ;        ;
; SW[4]      ; HEX1[3]     ; 6.268  ; 6.268  ; 6.268  ; 6.268  ;
; SW[4]      ; HEX1[4]     ; 6.327  ;        ;        ; 6.327  ;
; SW[4]      ; HEX1[5]     ; 6.550  ;        ;        ; 6.550  ;
; SW[4]      ; HEX1[6]     ; 6.578  ;        ;        ; 6.578  ;
; SW[5]      ; HEX1[0]     ; 6.367  ; 6.367  ; 6.367  ; 6.367  ;
; SW[5]      ; HEX1[1]     ; 6.428  ; 6.428  ; 6.428  ; 6.428  ;
; SW[5]      ; HEX1[2]     ; 6.027  ;        ;        ; 6.027  ;
; SW[5]      ; HEX1[3]     ; 5.985  ; 5.985  ; 5.985  ; 5.985  ;
; SW[5]      ; HEX1[4]     ; 6.049  ; 6.049  ; 6.049  ; 6.049  ;
; SW[5]      ; HEX1[5]     ; 6.274  ;        ;        ; 6.274  ;
; SW[5]      ; HEX1[6]     ; 6.294  ; 6.294  ; 6.294  ; 6.294  ;
; SW[6]      ; HEX1[0]     ; 6.598  ; 6.598  ; 6.598  ; 6.598  ;
; SW[6]      ; HEX1[1]     ; 6.657  ;        ;        ; 6.657  ;
; SW[6]      ; HEX1[2]     ; 6.256  ; 6.256  ; 6.256  ; 6.256  ;
; SW[6]      ; HEX1[3]     ; 6.213  ; 6.213  ; 6.213  ; 6.213  ;
; SW[6]      ; HEX1[4]     ; 6.264  ;        ;        ; 6.264  ;
; SW[6]      ; HEX1[5]     ; 6.488  ; 6.488  ; 6.488  ; 6.488  ;
; SW[6]      ; HEX1[6]     ; 6.524  ; 6.524  ; 6.524  ; 6.524  ;
; SW[7]      ; HEX1[0]     ; 7.335  ; 7.335  ; 7.335  ; 7.335  ;
; SW[7]      ; HEX1[1]     ; 7.395  ;        ;        ; 7.395  ;
; SW[7]      ; HEX1[2]     ; 6.994  ;        ;        ; 6.994  ;
; SW[7]      ; HEX1[3]     ; 6.950  ;        ;        ; 6.950  ;
; SW[7]      ; HEX1[4]     ; 7.001  ;        ;        ; 7.001  ;
; SW[7]      ; HEX1[5]     ; 7.226  ; 7.226  ; 7.226  ; 7.226  ;
; SW[7]      ; HEX1[6]     ; 7.262  ; 7.262  ; 7.262  ; 7.262  ;
; SW[8]      ; HEX2[0]     ; 7.522  ; 7.522  ; 7.522  ; 7.522  ;
; SW[8]      ; HEX2[1]     ; 7.436  ; 7.436  ; 7.436  ; 7.436  ;
; SW[8]      ; HEX2[2]     ;        ; 7.522  ; 7.522  ;        ;
; SW[8]      ; HEX2[3]     ; 7.497  ; 7.497  ; 7.497  ; 7.497  ;
; SW[8]      ; HEX2[4]     ; 7.227  ;        ;        ; 7.227  ;
; SW[8]      ; HEX2[5]     ; 7.185  ;        ;        ; 7.185  ;
; SW[8]      ; HEX2[6]     ; 7.219  ;        ;        ; 7.219  ;
; SW[9]      ; HEX2[0]     ; 7.033  ; 7.033  ; 7.033  ; 7.033  ;
; SW[9]      ; HEX2[1]     ; 6.954  ; 6.954  ; 6.954  ; 6.954  ;
; SW[9]      ; HEX2[2]     ; 7.040  ;        ;        ; 7.040  ;
; SW[9]      ; HEX2[3]     ; 7.009  ; 7.009  ; 7.009  ; 7.009  ;
; SW[9]      ; HEX2[4]     ; 6.746  ; 6.746  ; 6.746  ; 6.746  ;
; SW[9]      ; HEX2[5]     ; 6.705  ;        ;        ; 6.705  ;
; SW[9]      ; HEX2[6]     ; 6.739  ; 6.739  ; 6.739  ; 6.739  ;
; SW[10]     ; HEX2[0]     ; 7.208  ; 7.208  ; 7.208  ; 7.208  ;
; SW[10]     ; HEX2[1]     ; 7.125  ;        ;        ; 7.125  ;
; SW[10]     ; HEX2[2]     ; 7.202  ; 7.202  ; 7.202  ; 7.202  ;
; SW[10]     ; HEX2[3]     ; 7.184  ; 7.184  ; 7.184  ; 7.184  ;
; SW[10]     ; HEX2[4]     ; 6.916  ;        ;        ; 6.916  ;
; SW[10]     ; HEX2[5]     ; 6.872  ; 6.872  ; 6.872  ; 6.872  ;
; SW[10]     ; HEX2[6]     ; 6.901  ; 6.901  ; 6.901  ; 6.901  ;
; SW[11]     ; HEX2[0]     ; 7.288  ; 7.288  ; 7.288  ; 7.288  ;
; SW[11]     ; HEX2[1]     ; 7.207  ;        ;        ; 7.207  ;
; SW[11]     ; HEX2[2]     ; 7.281  ;        ;        ; 7.281  ;
; SW[11]     ; HEX2[3]     ; 7.264  ;        ;        ; 7.264  ;
; SW[11]     ; HEX2[4]     ; 6.997  ;        ;        ; 6.997  ;
; SW[11]     ; HEX2[5]     ; 6.953  ; 6.953  ; 6.953  ; 6.953  ;
; SW[11]     ; HEX2[6]     ; 6.980  ; 6.980  ; 6.980  ; 6.980  ;
; SW[12]     ; HEX3[0]     ; 7.029  ; 7.029  ; 7.029  ; 7.029  ;
; SW[12]     ; HEX3[1]     ; 6.905  ; 6.905  ; 6.905  ; 6.905  ;
; SW[12]     ; HEX3[2]     ;        ; 6.913  ; 6.913  ;        ;
; SW[12]     ; HEX3[3]     ; 6.911  ; 6.911  ; 6.911  ; 6.911  ;
; SW[12]     ; HEX3[4]     ; 6.892  ;        ;        ; 6.892  ;
; SW[12]     ; HEX3[5]     ; 7.120  ;        ;        ; 7.120  ;
; SW[12]     ; HEX3[6]     ; 7.114  ;        ;        ; 7.114  ;
; SW[13]     ; HEX3[0]     ; 10.649 ; 10.649 ; 10.649 ; 10.649 ;
; SW[13]     ; HEX3[1]     ; 10.526 ; 10.526 ; 10.526 ; 10.526 ;
; SW[13]     ; HEX3[2]     ; 10.529 ;        ;        ; 10.529 ;
; SW[13]     ; HEX3[3]     ; 10.534 ; 10.534 ; 10.534 ; 10.534 ;
; SW[13]     ; HEX3[4]     ; 10.541 ; 10.541 ; 10.541 ; 10.541 ;
; SW[13]     ; HEX3[5]     ; 10.739 ;        ;        ; 10.739 ;
; SW[13]     ; HEX3[6]     ; 10.733 ; 10.733 ; 10.733 ; 10.733 ;
; SW[14]     ; HEX3[0]     ; 10.710 ; 10.710 ; 10.710 ; 10.710 ;
; SW[14]     ; HEX3[1]     ; 10.593 ;        ;        ; 10.593 ;
; SW[14]     ; HEX3[2]     ; 10.570 ; 10.570 ; 10.570 ; 10.570 ;
; SW[14]     ; HEX3[3]     ; 10.596 ; 10.596 ; 10.596 ; 10.596 ;
; SW[14]     ; HEX3[4]     ; 10.604 ;        ;        ; 10.604 ;
; SW[14]     ; HEX3[5]     ; 10.800 ; 10.800 ; 10.800 ; 10.800 ;
; SW[14]     ; HEX3[6]     ; 10.802 ; 10.802 ; 10.802 ; 10.802 ;
; SW[15]     ; HEX3[0]     ; 10.401 ; 10.401 ; 10.401 ; 10.401 ;
; SW[15]     ; HEX3[1]     ; 10.287 ;        ;        ; 10.287 ;
; SW[15]     ; HEX3[2]     ; 10.284 ;        ;        ; 10.284 ;
; SW[15]     ; HEX3[3]     ; 10.286 ;        ;        ; 10.286 ;
; SW[15]     ; HEX3[4]     ; 10.293 ;        ;        ; 10.293 ;
; SW[15]     ; HEX3[5]     ; 10.491 ; 10.491 ; 10.491 ; 10.491 ;
; SW[15]     ; HEX3[6]     ; 10.498 ; 10.498 ; 10.498 ; 10.498 ;
+------------+-------------+--------+--------+--------+--------+


+--------------------------------------------------------------+
; Minimum Propagation Delay                                    ;
+------------+-------------+--------+--------+--------+--------+
; Input Port ; Output Port ; RR     ; RF     ; FR     ; FF     ;
+------------+-------------+--------+--------+--------+--------+
; SW[0]      ; HEX0[0]     ; 7.167  ; 7.167  ; 7.167  ; 7.167  ;
; SW[0]      ; HEX0[1]     ; 7.143  ; 7.143  ; 7.143  ; 7.143  ;
; SW[0]      ; HEX0[2]     ;        ; 7.140  ; 7.140  ;        ;
; SW[0]      ; HEX0[3]     ; 6.915  ; 6.915  ; 6.915  ; 6.915  ;
; SW[0]      ; HEX0[4]     ; 6.904  ;        ;        ; 6.904  ;
; SW[0]      ; HEX0[5]     ; 6.903  ;        ;        ; 6.903  ;
; SW[0]      ; HEX0[6]     ; 6.895  ;        ;        ; 6.895  ;
; SW[1]      ; HEX0[0]     ; 7.306  ; 7.306  ; 7.306  ; 7.306  ;
; SW[1]      ; HEX0[1]     ; 7.282  ; 7.282  ; 7.282  ; 7.282  ;
; SW[1]      ; HEX0[2]     ; 7.277  ;        ;        ; 7.277  ;
; SW[1]      ; HEX0[3]     ; 7.053  ; 7.053  ; 7.053  ; 7.053  ;
; SW[1]      ; HEX0[4]     ; 7.045  ; 7.045  ; 7.045  ; 7.045  ;
; SW[1]      ; HEX0[5]     ; 7.039  ;        ;        ; 7.039  ;
; SW[1]      ; HEX0[6]     ; 7.031  ; 7.031  ; 7.031  ; 7.031  ;
; SW[2]      ; HEX0[0]     ; 6.879  ; 6.879  ; 6.879  ; 6.879  ;
; SW[2]      ; HEX0[1]     ; 6.856  ;        ;        ; 6.856  ;
; SW[2]      ; HEX0[2]     ; 6.853  ; 6.853  ; 6.853  ; 6.853  ;
; SW[2]      ; HEX0[3]     ; 6.626  ; 6.626  ; 6.626  ; 6.626  ;
; SW[2]      ; HEX0[4]     ; 6.624  ;        ;        ; 6.624  ;
; SW[2]      ; HEX0[5]     ; 6.614  ; 6.614  ; 6.614  ; 6.614  ;
; SW[2]      ; HEX0[6]     ; 6.612  ; 6.612  ; 6.612  ; 6.612  ;
; SW[3]      ; HEX0[0]     ; 6.267  ; 6.267  ; 6.267  ; 6.267  ;
; SW[3]      ; HEX0[1]     ; 6.240  ;        ;        ; 6.240  ;
; SW[3]      ; HEX0[2]     ; 6.237  ;        ;        ; 6.237  ;
; SW[3]      ; HEX0[3]     ; 6.010  ;        ;        ; 6.010  ;
; SW[3]      ; HEX0[4]     ; 6.001  ;        ;        ; 6.001  ;
; SW[3]      ; HEX0[5]     ; 5.999  ; 5.999  ; 5.999  ; 5.999  ;
; SW[3]      ; HEX0[6]     ; 5.991  ; 5.991  ; 5.991  ; 5.991  ;
; SW[4]      ; HEX1[0]     ; 6.653  ; 6.653  ; 6.653  ; 6.653  ;
; SW[4]      ; HEX1[1]     ; 6.711  ; 6.711  ; 6.711  ; 6.711  ;
; SW[4]      ; HEX1[2]     ;        ; 6.311  ; 6.311  ;        ;
; SW[4]      ; HEX1[3]     ; 6.268  ; 6.268  ; 6.268  ; 6.268  ;
; SW[4]      ; HEX1[4]     ; 6.327  ;        ;        ; 6.327  ;
; SW[4]      ; HEX1[5]     ; 6.550  ;        ;        ; 6.550  ;
; SW[4]      ; HEX1[6]     ; 6.578  ;        ;        ; 6.578  ;
; SW[5]      ; HEX1[0]     ; 6.367  ; 6.367  ; 6.367  ; 6.367  ;
; SW[5]      ; HEX1[1]     ; 6.428  ; 6.428  ; 6.428  ; 6.428  ;
; SW[5]      ; HEX1[2]     ; 6.027  ;        ;        ; 6.027  ;
; SW[5]      ; HEX1[3]     ; 5.985  ; 5.985  ; 5.985  ; 5.985  ;
; SW[5]      ; HEX1[4]     ; 6.049  ; 6.049  ; 6.049  ; 6.049  ;
; SW[5]      ; HEX1[5]     ; 6.274  ;        ;        ; 6.274  ;
; SW[5]      ; HEX1[6]     ; 6.294  ; 6.294  ; 6.294  ; 6.294  ;
; SW[6]      ; HEX1[0]     ; 6.598  ; 6.598  ; 6.598  ; 6.598  ;
; SW[6]      ; HEX1[1]     ; 6.657  ;        ;        ; 6.657  ;
; SW[6]      ; HEX1[2]     ; 6.256  ; 6.256  ; 6.256  ; 6.256  ;
; SW[6]      ; HEX1[3]     ; 6.213  ; 6.213  ; 6.213  ; 6.213  ;
; SW[6]      ; HEX1[4]     ; 6.264  ;        ;        ; 6.264  ;
; SW[6]      ; HEX1[5]     ; 6.488  ; 6.488  ; 6.488  ; 6.488  ;
; SW[6]      ; HEX1[6]     ; 6.524  ; 6.524  ; 6.524  ; 6.524  ;
; SW[7]      ; HEX1[0]     ; 7.335  ; 7.335  ; 7.335  ; 7.335  ;
; SW[7]      ; HEX1[1]     ; 7.395  ;        ;        ; 7.395  ;
; SW[7]      ; HEX1[2]     ; 6.994  ;        ;        ; 6.994  ;
; SW[7]      ; HEX1[3]     ; 6.950  ;        ;        ; 6.950  ;
; SW[7]      ; HEX1[4]     ; 7.001  ;        ;        ; 7.001  ;
; SW[7]      ; HEX1[5]     ; 7.226  ; 7.226  ; 7.226  ; 7.226  ;
; SW[7]      ; HEX1[6]     ; 7.262  ; 7.262  ; 7.262  ; 7.262  ;
; SW[8]      ; HEX2[0]     ; 7.522  ; 7.522  ; 7.522  ; 7.522  ;
; SW[8]      ; HEX2[1]     ; 7.436  ; 7.436  ; 7.436  ; 7.436  ;
; SW[8]      ; HEX2[2]     ;        ; 7.522  ; 7.522  ;        ;
; SW[8]      ; HEX2[3]     ; 7.497  ; 7.497  ; 7.497  ; 7.497  ;
; SW[8]      ; HEX2[4]     ; 7.227  ;        ;        ; 7.227  ;
; SW[8]      ; HEX2[5]     ; 7.185  ;        ;        ; 7.185  ;
; SW[8]      ; HEX2[6]     ; 7.219  ;        ;        ; 7.219  ;
; SW[9]      ; HEX2[0]     ; 7.033  ; 7.033  ; 7.033  ; 7.033  ;
; SW[9]      ; HEX2[1]     ; 6.954  ; 6.954  ; 6.954  ; 6.954  ;
; SW[9]      ; HEX2[2]     ; 7.040  ;        ;        ; 7.040  ;
; SW[9]      ; HEX2[3]     ; 7.009  ; 7.009  ; 7.009  ; 7.009  ;
; SW[9]      ; HEX2[4]     ; 6.746  ; 6.746  ; 6.746  ; 6.746  ;
; SW[9]      ; HEX2[5]     ; 6.705  ;        ;        ; 6.705  ;
; SW[9]      ; HEX2[6]     ; 6.739  ; 6.739  ; 6.739  ; 6.739  ;
; SW[10]     ; HEX2[0]     ; 7.208  ; 7.208  ; 7.208  ; 7.208  ;
; SW[10]     ; HEX2[1]     ; 7.125  ;        ;        ; 7.125  ;
; SW[10]     ; HEX2[2]     ; 7.202  ; 7.202  ; 7.202  ; 7.202  ;
; SW[10]     ; HEX2[3]     ; 7.184  ; 7.184  ; 7.184  ; 7.184  ;
; SW[10]     ; HEX2[4]     ; 6.916  ;        ;        ; 6.916  ;
; SW[10]     ; HEX2[5]     ; 6.872  ; 6.872  ; 6.872  ; 6.872  ;
; SW[10]     ; HEX2[6]     ; 6.901  ; 6.901  ; 6.901  ; 6.901  ;
; SW[11]     ; HEX2[0]     ; 7.288  ; 7.288  ; 7.288  ; 7.288  ;
; SW[11]     ; HEX2[1]     ; 7.207  ;        ;        ; 7.207  ;
; SW[11]     ; HEX2[2]     ; 7.281  ;        ;        ; 7.281  ;
; SW[11]     ; HEX2[3]     ; 7.264  ;        ;        ; 7.264  ;
; SW[11]     ; HEX2[4]     ; 6.997  ;        ;        ; 6.997  ;
; SW[11]     ; HEX2[5]     ; 6.953  ; 6.953  ; 6.953  ; 6.953  ;
; SW[11]     ; HEX2[6]     ; 6.980  ; 6.980  ; 6.980  ; 6.980  ;
; SW[12]     ; HEX3[0]     ; 7.029  ; 7.029  ; 7.029  ; 7.029  ;
; SW[12]     ; HEX3[1]     ; 6.905  ; 6.905  ; 6.905  ; 6.905  ;
; SW[12]     ; HEX3[2]     ;        ; 6.913  ; 6.913  ;        ;
; SW[12]     ; HEX3[3]     ; 6.911  ; 6.911  ; 6.911  ; 6.911  ;
; SW[12]     ; HEX3[4]     ; 6.892  ;        ;        ; 6.892  ;
; SW[12]     ; HEX3[5]     ; 7.120  ;        ;        ; 7.120  ;
; SW[12]     ; HEX3[6]     ; 7.114  ;        ;        ; 7.114  ;
; SW[13]     ; HEX3[0]     ; 10.649 ; 10.649 ; 10.649 ; 10.649 ;
; SW[13]     ; HEX3[1]     ; 10.526 ; 10.526 ; 10.526 ; 10.526 ;
; SW[13]     ; HEX3[2]     ; 10.529 ;        ;        ; 10.529 ;
; SW[13]     ; HEX3[3]     ; 10.534 ; 10.534 ; 10.534 ; 10.534 ;
; SW[13]     ; HEX3[4]     ; 10.541 ; 10.541 ; 10.541 ; 10.541 ;
; SW[13]     ; HEX3[5]     ; 10.739 ;        ;        ; 10.739 ;
; SW[13]     ; HEX3[6]     ; 10.733 ; 10.733 ; 10.733 ; 10.733 ;
; SW[14]     ; HEX3[0]     ; 10.710 ; 10.710 ; 10.710 ; 10.710 ;
; SW[14]     ; HEX3[1]     ; 10.593 ;        ;        ; 10.593 ;
; SW[14]     ; HEX3[2]     ; 10.570 ; 10.570 ; 10.570 ; 10.570 ;
; SW[14]     ; HEX3[3]     ; 10.596 ; 10.596 ; 10.596 ; 10.596 ;
; SW[14]     ; HEX3[4]     ; 10.604 ;        ;        ; 10.604 ;
; SW[14]     ; HEX3[5]     ; 10.800 ; 10.800 ; 10.800 ; 10.800 ;
; SW[14]     ; HEX3[6]     ; 10.802 ; 10.802 ; 10.802 ; 10.802 ;
; SW[15]     ; HEX3[0]     ; 10.401 ; 10.401 ; 10.401 ; 10.401 ;
; SW[15]     ; HEX3[1]     ; 10.287 ;        ;        ; 10.287 ;
; SW[15]     ; HEX3[2]     ; 10.284 ;        ;        ; 10.284 ;
; SW[15]     ; HEX3[3]     ; 10.286 ;        ;        ; 10.286 ;
; SW[15]     ; HEX3[4]     ; 10.293 ;        ;        ; 10.293 ;
; SW[15]     ; HEX3[5]     ; 10.491 ; 10.491 ; 10.491 ; 10.491 ;
; SW[15]     ; HEX3[6]     ; 10.498 ; 10.498 ; 10.498 ; 10.498 ;
+------------+-------------+--------+--------+--------+--------+


----------------------------
; Fast Model Setup Summary ;
----------------------------
No paths to report.


---------------------------
; Fast Model Hold Summary ;
---------------------------
No paths to report.


-------------------------------
; Fast Model Recovery Summary ;
-------------------------------
No paths to report.


------------------------------
; Fast Model Removal Summary ;
------------------------------
No paths to report.


------------------------------------------
; Fast Model Minimum Pulse Width Summary ;
------------------------------------------
No paths to report.


+----------------------------------------------------------+
; Propagation Delay                                        ;
+------------+-------------+-------+-------+-------+-------+
; Input Port ; Output Port ; RR    ; RF    ; FR    ; FF    ;
+------------+-------------+-------+-------+-------+-------+
; SW[0]      ; HEX0[0]     ; 3.777 ; 3.777 ; 3.777 ; 3.777 ;
; SW[0]      ; HEX0[1]     ; 3.746 ; 3.746 ; 3.746 ; 3.746 ;
; SW[0]      ; HEX0[2]     ;       ; 3.747 ; 3.747 ;       ;
; SW[0]      ; HEX0[3]     ; 3.651 ; 3.651 ; 3.651 ; 3.651 ;
; SW[0]      ; HEX0[4]     ; 3.644 ;       ;       ; 3.644 ;
; SW[0]      ; HEX0[5]     ; 3.641 ;       ;       ; 3.641 ;
; SW[0]      ; HEX0[6]     ; 3.635 ;       ;       ; 3.635 ;
; SW[1]      ; HEX0[0]     ; 3.818 ; 3.818 ; 3.818 ; 3.818 ;
; SW[1]      ; HEX0[1]     ; 3.790 ; 3.790 ; 3.790 ; 3.790 ;
; SW[1]      ; HEX0[2]     ; 3.792 ;       ;       ; 3.792 ;
; SW[1]      ; HEX0[3]     ; 3.696 ; 3.696 ; 3.696 ; 3.696 ;
; SW[1]      ; HEX0[4]     ; 3.691 ; 3.691 ; 3.691 ; 3.691 ;
; SW[1]      ; HEX0[5]     ; 3.685 ;       ;       ; 3.685 ;
; SW[1]      ; HEX0[6]     ; 3.682 ; 3.682 ; 3.682 ; 3.682 ;
; SW[2]      ; HEX0[0]     ; 3.665 ; 3.665 ; 3.665 ; 3.665 ;
; SW[2]      ; HEX0[1]     ; 3.640 ;       ;       ; 3.640 ;
; SW[2]      ; HEX0[2]     ; 3.643 ; 3.643 ; 3.643 ; 3.643 ;
; SW[2]      ; HEX0[3]     ; 3.546 ; 3.546 ; 3.546 ; 3.546 ;
; SW[2]      ; HEX0[4]     ; 3.545 ;       ;       ; 3.545 ;
; SW[2]      ; HEX0[5]     ; 3.536 ; 3.536 ; 3.536 ; 3.536 ;
; SW[2]      ; HEX0[6]     ; 3.533 ; 3.533 ; 3.533 ; 3.533 ;
; SW[3]      ; HEX0[0]     ; 3.279 ; 3.279 ; 3.279 ; 3.279 ;
; SW[3]      ; HEX0[1]     ; 3.255 ;       ;       ; 3.255 ;
; SW[3]      ; HEX0[2]     ; 3.260 ;       ;       ; 3.260 ;
; SW[3]      ; HEX0[3]     ; 3.160 ;       ;       ; 3.160 ;
; SW[3]      ; HEX0[4]     ; 3.154 ;       ;       ; 3.154 ;
; SW[3]      ; HEX0[5]     ; 3.150 ; 3.150 ; 3.150 ; 3.150 ;
; SW[3]      ; HEX0[6]     ; 3.144 ; 3.144 ; 3.144 ; 3.144 ;
; SW[4]      ; HEX1[0]     ; 3.449 ; 3.449 ; 3.449 ; 3.449 ;
; SW[4]      ; HEX1[1]     ; 3.471 ; 3.471 ; 3.471 ; 3.471 ;
; SW[4]      ; HEX1[2]     ;       ; 3.242 ; 3.242 ;       ;
; SW[4]      ; HEX1[3]     ; 3.217 ; 3.217 ; 3.217 ; 3.217 ;
; SW[4]      ; HEX1[4]     ; 3.261 ;       ;       ; 3.261 ;
; SW[4]      ; HEX1[5]     ; 3.348 ;       ;       ; 3.348 ;
; SW[4]      ; HEX1[6]     ; 3.377 ;       ;       ; 3.377 ;
; SW[5]      ; HEX1[0]     ; 3.324 ; 3.324 ; 3.324 ; 3.324 ;
; SW[5]      ; HEX1[1]     ; 3.348 ; 3.348 ; 3.348 ; 3.348 ;
; SW[5]      ; HEX1[2]     ; 3.120 ;       ;       ; 3.120 ;
; SW[5]      ; HEX1[3]     ; 3.096 ; 3.096 ; 3.096 ; 3.096 ;
; SW[5]      ; HEX1[4]     ; 3.141 ; 3.141 ; 3.141 ; 3.141 ;
; SW[5]      ; HEX1[5]     ; 3.230 ;       ;       ; 3.230 ;
; SW[5]      ; HEX1[6]     ; 3.249 ; 3.249 ; 3.249 ; 3.249 ;
; SW[6]      ; HEX1[0]     ; 3.442 ; 3.442 ; 3.442 ; 3.442 ;
; SW[6]      ; HEX1[1]     ; 3.465 ;       ;       ; 3.465 ;
; SW[6]      ; HEX1[2]     ; 3.236 ; 3.236 ; 3.236 ; 3.236 ;
; SW[6]      ; HEX1[3]     ; 3.210 ; 3.210 ; 3.210 ; 3.210 ;
; SW[6]      ; HEX1[4]     ; 3.245 ;       ;       ; 3.245 ;
; SW[6]      ; HEX1[5]     ; 3.335 ; 3.335 ; 3.335 ; 3.335 ;
; SW[6]      ; HEX1[6]     ; 3.368 ; 3.368 ; 3.368 ; 3.368 ;
; SW[7]      ; HEX1[0]     ; 3.889 ; 3.889 ; 3.889 ; 3.889 ;
; SW[7]      ; HEX1[1]     ; 3.912 ;       ;       ; 3.912 ;
; SW[7]      ; HEX1[2]     ; 3.683 ;       ;       ; 3.683 ;
; SW[7]      ; HEX1[3]     ; 3.658 ;       ;       ; 3.658 ;
; SW[7]      ; HEX1[4]     ; 3.694 ;       ;       ; 3.694 ;
; SW[7]      ; HEX1[5]     ; 3.783 ; 3.783 ; 3.783 ; 3.783 ;
; SW[7]      ; HEX1[6]     ; 3.814 ; 3.814 ; 3.814 ; 3.814 ;
; SW[8]      ; HEX2[0]     ; 3.968 ; 3.968 ; 3.968 ; 3.968 ;
; SW[8]      ; HEX2[1]     ; 3.904 ; 3.904 ; 3.904 ; 3.904 ;
; SW[8]      ; HEX2[2]     ;       ; 3.966 ; 3.966 ;       ;
; SW[8]      ; HEX2[3]     ; 3.957 ; 3.957 ; 3.957 ; 3.957 ;
; SW[8]      ; HEX2[4]     ; 3.835 ;       ;       ; 3.835 ;
; SW[8]      ; HEX2[5]     ; 3.808 ;       ;       ; 3.808 ;
; SW[8]      ; HEX2[6]     ; 3.825 ;       ;       ; 3.825 ;
; SW[9]      ; HEX2[0]     ; 3.698 ; 3.698 ; 3.698 ; 3.698 ;
; SW[9]      ; HEX2[1]     ; 3.637 ; 3.637 ; 3.637 ; 3.637 ;
; SW[9]      ; HEX2[2]     ; 3.702 ;       ;       ; 3.702 ;
; SW[9]      ; HEX2[3]     ; 3.687 ; 3.687 ; 3.687 ; 3.687 ;
; SW[9]      ; HEX2[4]     ; 3.566 ; 3.566 ; 3.566 ; 3.566 ;
; SW[9]      ; HEX2[5]     ; 3.542 ;       ;       ; 3.542 ;
; SW[9]      ; HEX2[6]     ; 3.558 ; 3.558 ; 3.558 ; 3.558 ;
; SW[10]     ; HEX2[0]     ; 3.788 ; 3.788 ; 3.788 ; 3.788 ;
; SW[10]     ; HEX2[1]     ; 3.721 ;       ;       ; 3.721 ;
; SW[10]     ; HEX2[2]     ; 3.780 ; 3.780 ; 3.780 ; 3.780 ;
; SW[10]     ; HEX2[3]     ; 3.777 ; 3.777 ; 3.777 ; 3.777 ;
; SW[10]     ; HEX2[4]     ; 3.649 ;       ;       ; 3.649 ;
; SW[10]     ; HEX2[5]     ; 3.624 ; 3.624 ; 3.624 ; 3.624 ;
; SW[10]     ; HEX2[6]     ; 3.636 ; 3.636 ; 3.636 ; 3.636 ;
; SW[11]     ; HEX2[0]     ; 3.792 ; 3.792 ; 3.792 ; 3.792 ;
; SW[11]     ; HEX2[1]     ; 3.726 ;       ;       ; 3.726 ;
; SW[11]     ; HEX2[2]     ; 3.787 ;       ;       ; 3.787 ;
; SW[11]     ; HEX2[3]     ; 3.780 ;       ;       ; 3.780 ;
; SW[11]     ; HEX2[4]     ; 3.653 ;       ;       ; 3.653 ;
; SW[11]     ; HEX2[5]     ; 3.628 ; 3.628 ; 3.628 ; 3.628 ;
; SW[11]     ; HEX2[6]     ; 3.640 ; 3.640 ; 3.640 ; 3.640 ;
; SW[12]     ; HEX3[0]     ; 3.664 ; 3.664 ; 3.664 ; 3.664 ;
; SW[12]     ; HEX3[1]     ; 3.621 ; 3.621 ; 3.621 ; 3.621 ;
; SW[12]     ; HEX3[2]     ;       ; 3.632 ; 3.632 ;       ;
; SW[12]     ; HEX3[3]     ; 3.635 ; 3.635 ; 3.635 ; 3.635 ;
; SW[12]     ; HEX3[4]     ; 3.637 ;       ;       ; 3.637 ;
; SW[12]     ; HEX3[5]     ; 3.704 ;       ;       ; 3.704 ;
; SW[12]     ; HEX3[6]     ; 3.700 ;       ;       ; 3.700 ;
; SW[13]     ; HEX3[0]     ; 5.899 ; 5.899 ; 5.899 ; 5.899 ;
; SW[13]     ; HEX3[1]     ; 5.863 ; 5.863 ; 5.863 ; 5.863 ;
; SW[13]     ; HEX3[2]     ; 5.871 ;       ;       ; 5.871 ;
; SW[13]     ; HEX3[3]     ; 5.870 ; 5.870 ; 5.870 ; 5.870 ;
; SW[13]     ; HEX3[4]     ; 5.871 ; 5.871 ; 5.871 ; 5.871 ;
; SW[13]     ; HEX3[5]     ; 5.942 ;       ;       ; 5.942 ;
; SW[13]     ; HEX3[6]     ; 5.941 ; 5.941 ; 5.941 ; 5.941 ;
; SW[14]     ; HEX3[0]     ; 5.946 ; 5.946 ; 5.946 ; 5.946 ;
; SW[14]     ; HEX3[1]     ; 5.913 ;       ;       ; 5.913 ;
; SW[14]     ; HEX3[2]     ; 5.915 ; 5.915 ; 5.915 ; 5.915 ;
; SW[14]     ; HEX3[3]     ; 5.917 ; 5.917 ; 5.917 ; 5.917 ;
; SW[14]     ; HEX3[4]     ; 5.919 ;       ;       ; 5.919 ;
; SW[14]     ; HEX3[5]     ; 5.986 ; 5.986 ; 5.986 ; 5.986 ;
; SW[14]     ; HEX3[6]     ; 5.992 ; 5.992 ; 5.992 ; 5.992 ;
; SW[15]     ; HEX3[0]     ; 5.798 ; 5.798 ; 5.798 ; 5.798 ;
; SW[15]     ; HEX3[1]     ; 5.770 ;       ;       ; 5.770 ;
; SW[15]     ; HEX3[2]     ; 5.769 ;       ;       ; 5.769 ;
; SW[15]     ; HEX3[3]     ; 5.769 ;       ;       ; 5.769 ;
; SW[15]     ; HEX3[4]     ; 5.770 ;       ;       ; 5.770 ;
; SW[15]     ; HEX3[5]     ; 5.838 ; 5.838 ; 5.838 ; 5.838 ;
; SW[15]     ; HEX3[6]     ; 5.849 ; 5.849 ; 5.849 ; 5.849 ;
+------------+-------------+-------+-------+-------+-------+


+----------------------------------------------------------+
; Minimum Propagation Delay                                ;
+------------+-------------+-------+-------+-------+-------+
; Input Port ; Output Port ; RR    ; RF    ; FR    ; FF    ;
+------------+-------------+-------+-------+-------+-------+
; SW[0]      ; HEX0[0]     ; 3.777 ; 3.777 ; 3.777 ; 3.777 ;
; SW[0]      ; HEX0[1]     ; 3.746 ; 3.746 ; 3.746 ; 3.746 ;
; SW[0]      ; HEX0[2]     ;       ; 3.747 ; 3.747 ;       ;
; SW[0]      ; HEX0[3]     ; 3.651 ; 3.651 ; 3.651 ; 3.651 ;
; SW[0]      ; HEX0[4]     ; 3.644 ;       ;       ; 3.644 ;
; SW[0]      ; HEX0[5]     ; 3.641 ;       ;       ; 3.641 ;
; SW[0]      ; HEX0[6]     ; 3.635 ;       ;       ; 3.635 ;
; SW[1]      ; HEX0[0]     ; 3.818 ; 3.818 ; 3.818 ; 3.818 ;
; SW[1]      ; HEX0[1]     ; 3.790 ; 3.790 ; 3.790 ; 3.790 ;
; SW[1]      ; HEX0[2]     ; 3.792 ;       ;       ; 3.792 ;
; SW[1]      ; HEX0[3]     ; 3.696 ; 3.696 ; 3.696 ; 3.696 ;
; SW[1]      ; HEX0[4]     ; 3.691 ; 3.691 ; 3.691 ; 3.691 ;
; SW[1]      ; HEX0[5]     ; 3.685 ;       ;       ; 3.685 ;
; SW[1]      ; HEX0[6]     ; 3.682 ; 3.682 ; 3.682 ; 3.682 ;
; SW[2]      ; HEX0[0]     ; 3.665 ; 3.665 ; 3.665 ; 3.665 ;
; SW[2]      ; HEX0[1]     ; 3.640 ;       ;       ; 3.640 ;
; SW[2]      ; HEX0[2]     ; 3.643 ; 3.643 ; 3.643 ; 3.643 ;
; SW[2]      ; HEX0[3]     ; 3.546 ; 3.546 ; 3.546 ; 3.546 ;
; SW[2]      ; HEX0[4]     ; 3.545 ;       ;       ; 3.545 ;
; SW[2]      ; HEX0[5]     ; 3.536 ; 3.536 ; 3.536 ; 3.536 ;
; SW[2]      ; HEX0[6]     ; 3.533 ; 3.533 ; 3.533 ; 3.533 ;
; SW[3]      ; HEX0[0]     ; 3.279 ; 3.279 ; 3.279 ; 3.279 ;
; SW[3]      ; HEX0[1]     ; 3.255 ;       ;       ; 3.255 ;
; SW[3]      ; HEX0[2]     ; 3.260 ;       ;       ; 3.260 ;
; SW[3]      ; HEX0[3]     ; 3.160 ;       ;       ; 3.160 ;
; SW[3]      ; HEX0[4]     ; 3.154 ;       ;       ; 3.154 ;
; SW[3]      ; HEX0[5]     ; 3.150 ; 3.150 ; 3.150 ; 3.150 ;
; SW[3]      ; HEX0[6]     ; 3.144 ; 3.144 ; 3.144 ; 3.144 ;
; SW[4]      ; HEX1[0]     ; 3.449 ; 3.449 ; 3.449 ; 3.449 ;
; SW[4]      ; HEX1[1]     ; 3.471 ; 3.471 ; 3.471 ; 3.471 ;
; SW[4]      ; HEX1[2]     ;       ; 3.242 ; 3.242 ;       ;
; SW[4]      ; HEX1[3]     ; 3.217 ; 3.217 ; 3.217 ; 3.217 ;
; SW[4]      ; HEX1[4]     ; 3.261 ;       ;       ; 3.261 ;
; SW[4]      ; HEX1[5]     ; 3.348 ;       ;       ; 3.348 ;
; SW[4]      ; HEX1[6]     ; 3.377 ;       ;       ; 3.377 ;
; SW[5]      ; HEX1[0]     ; 3.324 ; 3.324 ; 3.324 ; 3.324 ;
; SW[5]      ; HEX1[1]     ; 3.348 ; 3.348 ; 3.348 ; 3.348 ;
; SW[5]      ; HEX1[2]     ; 3.120 ;       ;       ; 3.120 ;
; SW[5]      ; HEX1[3]     ; 3.096 ; 3.096 ; 3.096 ; 3.096 ;
; SW[5]      ; HEX1[4]     ; 3.141 ; 3.141 ; 3.141 ; 3.141 ;
; SW[5]      ; HEX1[5]     ; 3.230 ;       ;       ; 3.230 ;
; SW[5]      ; HEX1[6]     ; 3.249 ; 3.249 ; 3.249 ; 3.249 ;
; SW[6]      ; HEX1[0]     ; 3.442 ; 3.442 ; 3.442 ; 3.442 ;
; SW[6]      ; HEX1[1]     ; 3.465 ;       ;       ; 3.465 ;
; SW[6]      ; HEX1[2]     ; 3.236 ; 3.236 ; 3.236 ; 3.236 ;
; SW[6]      ; HEX1[3]     ; 3.210 ; 3.210 ; 3.210 ; 3.210 ;
; SW[6]      ; HEX1[4]     ; 3.245 ;       ;       ; 3.245 ;
; SW[6]      ; HEX1[5]     ; 3.335 ; 3.335 ; 3.335 ; 3.335 ;
; SW[6]      ; HEX1[6]     ; 3.368 ; 3.368 ; 3.368 ; 3.368 ;
; SW[7]      ; HEX1[0]     ; 3.889 ; 3.889 ; 3.889 ; 3.889 ;
; SW[7]      ; HEX1[1]     ; 3.912 ;       ;       ; 3.912 ;
; SW[7]      ; HEX1[2]     ; 3.683 ;       ;       ; 3.683 ;
; SW[7]      ; HEX1[3]     ; 3.658 ;       ;       ; 3.658 ;
; SW[7]      ; HEX1[4]     ; 3.694 ;       ;       ; 3.694 ;
; SW[7]      ; HEX1[5]     ; 3.783 ; 3.783 ; 3.783 ; 3.783 ;
; SW[7]      ; HEX1[6]     ; 3.814 ; 3.814 ; 3.814 ; 3.814 ;
; SW[8]      ; HEX2[0]     ; 3.968 ; 3.968 ; 3.968 ; 3.968 ;
; SW[8]      ; HEX2[1]     ; 3.904 ; 3.904 ; 3.904 ; 3.904 ;
; SW[8]      ; HEX2[2]     ;       ; 3.966 ; 3.966 ;       ;
; SW[8]      ; HEX2[3]     ; 3.957 ; 3.957 ; 3.957 ; 3.957 ;
; SW[8]      ; HEX2[4]     ; 3.835 ;       ;       ; 3.835 ;
; SW[8]      ; HEX2[5]     ; 3.808 ;       ;       ; 3.808 ;
; SW[8]      ; HEX2[6]     ; 3.825 ;       ;       ; 3.825 ;
; SW[9]      ; HEX2[0]     ; 3.698 ; 3.698 ; 3.698 ; 3.698 ;
; SW[9]      ; HEX2[1]     ; 3.637 ; 3.637 ; 3.637 ; 3.637 ;
; SW[9]      ; HEX2[2]     ; 3.702 ;       ;       ; 3.702 ;
; SW[9]      ; HEX2[3]     ; 3.687 ; 3.687 ; 3.687 ; 3.687 ;
; SW[9]      ; HEX2[4]     ; 3.566 ; 3.566 ; 3.566 ; 3.566 ;
; SW[9]      ; HEX2[5]     ; 3.542 ;       ;       ; 3.542 ;
; SW[9]      ; HEX2[6]     ; 3.558 ; 3.558 ; 3.558 ; 3.558 ;
; SW[10]     ; HEX2[0]     ; 3.788 ; 3.788 ; 3.788 ; 3.788 ;
; SW[10]     ; HEX2[1]     ; 3.721 ;       ;       ; 3.721 ;
; SW[10]     ; HEX2[2]     ; 3.780 ; 3.780 ; 3.780 ; 3.780 ;
; SW[10]     ; HEX2[3]     ; 3.777 ; 3.777 ; 3.777 ; 3.777 ;
; SW[10]     ; HEX2[4]     ; 3.649 ;       ;       ; 3.649 ;
; SW[10]     ; HEX2[5]     ; 3.624 ; 3.624 ; 3.624 ; 3.624 ;
; SW[10]     ; HEX2[6]     ; 3.636 ; 3.636 ; 3.636 ; 3.636 ;
; SW[11]     ; HEX2[0]     ; 3.792 ; 3.792 ; 3.792 ; 3.792 ;
; SW[11]     ; HEX2[1]     ; 3.726 ;       ;       ; 3.726 ;
; SW[11]     ; HEX2[2]     ; 3.787 ;       ;       ; 3.787 ;
; SW[11]     ; HEX2[3]     ; 3.780 ;       ;       ; 3.780 ;
; SW[11]     ; HEX2[4]     ; 3.653 ;       ;       ; 3.653 ;
; SW[11]     ; HEX2[5]     ; 3.628 ; 3.628 ; 3.628 ; 3.628 ;
; SW[11]     ; HEX2[6]     ; 3.640 ; 3.640 ; 3.640 ; 3.640 ;
; SW[12]     ; HEX3[0]     ; 3.664 ; 3.664 ; 3.664 ; 3.664 ;
; SW[12]     ; HEX3[1]     ; 3.621 ; 3.621 ; 3.621 ; 3.621 ;
; SW[12]     ; HEX3[2]     ;       ; 3.632 ; 3.632 ;       ;
; SW[12]     ; HEX3[3]     ; 3.635 ; 3.635 ; 3.635 ; 3.635 ;
; SW[12]     ; HEX3[4]     ; 3.637 ;       ;       ; 3.637 ;
; SW[12]     ; HEX3[5]     ; 3.704 ;       ;       ; 3.704 ;
; SW[12]     ; HEX3[6]     ; 3.700 ;       ;       ; 3.700 ;
; SW[13]     ; HEX3[0]     ; 5.899 ; 5.899 ; 5.899 ; 5.899 ;
; SW[13]     ; HEX3[1]     ; 5.863 ; 5.863 ; 5.863 ; 5.863 ;
; SW[13]     ; HEX3[2]     ; 5.871 ;       ;       ; 5.871 ;
; SW[13]     ; HEX3[3]     ; 5.870 ; 5.870 ; 5.870 ; 5.870 ;
; SW[13]     ; HEX3[4]     ; 5.871 ; 5.871 ; 5.871 ; 5.871 ;
; SW[13]     ; HEX3[5]     ; 5.942 ;       ;       ; 5.942 ;
; SW[13]     ; HEX3[6]     ; 5.941 ; 5.941 ; 5.941 ; 5.941 ;
; SW[14]     ; HEX3[0]     ; 5.946 ; 5.946 ; 5.946 ; 5.946 ;
; SW[14]     ; HEX3[1]     ; 5.913 ;       ;       ; 5.913 ;
; SW[14]     ; HEX3[2]     ; 5.915 ; 5.915 ; 5.915 ; 5.915 ;
; SW[14]     ; HEX3[3]     ; 5.917 ; 5.917 ; 5.917 ; 5.917 ;
; SW[14]     ; HEX3[4]     ; 5.919 ;       ;       ; 5.919 ;
; SW[14]     ; HEX3[5]     ; 5.986 ; 5.986 ; 5.986 ; 5.986 ;
; SW[14]     ; HEX3[6]     ; 5.992 ; 5.992 ; 5.992 ; 5.992 ;
; SW[15]     ; HEX3[0]     ; 5.798 ; 5.798 ; 5.798 ; 5.798 ;
; SW[15]     ; HEX3[1]     ; 5.770 ;       ;       ; 5.770 ;
; SW[15]     ; HEX3[2]     ; 5.769 ;       ;       ; 5.769 ;
; SW[15]     ; HEX3[3]     ; 5.769 ;       ;       ; 5.769 ;
; SW[15]     ; HEX3[4]     ; 5.770 ;       ;       ; 5.770 ;
; SW[15]     ; HEX3[5]     ; 5.838 ; 5.838 ; 5.838 ; 5.838 ;
; SW[15]     ; HEX3[6]     ; 5.849 ; 5.849 ; 5.849 ; 5.849 ;
+------------+-------------+-------+-------+-------+-------+


+----------------------------------------------------------------------------+
; Multicorner Timing Analysis Summary                                        ;
+------------------+-------+------+----------+---------+---------------------+
; Clock            ; Setup ; Hold ; Recovery ; Removal ; Minimum Pulse Width ;
+------------------+-------+------+----------+---------+---------------------+
; Worst-case Slack ; N/A   ; N/A  ; N/A      ; N/A     ; N/A                 ;
; Design-wide TNS  ; 0.0   ; 0.0  ; 0.0      ; 0.0     ; 0.0                 ;
+------------------+-------+------+----------+---------+---------------------+


+--------------------------------------------------------------+
; Progagation Delay                                            ;
+------------+-------------+--------+--------+--------+--------+
; Input Port ; Output Port ; RR     ; RF     ; FR     ; FF     ;
+------------+-------------+--------+--------+--------+--------+
; SW[0]      ; HEX0[0]     ; 7.167  ; 7.167  ; 7.167  ; 7.167  ;
; SW[0]      ; HEX0[1]     ; 7.143  ; 7.143  ; 7.143  ; 7.143  ;
; SW[0]      ; HEX0[2]     ;        ; 7.140  ; 7.140  ;        ;
; SW[0]      ; HEX0[3]     ; 6.915  ; 6.915  ; 6.915  ; 6.915  ;
; SW[0]      ; HEX0[4]     ; 6.904  ;        ;        ; 6.904  ;
; SW[0]      ; HEX0[5]     ; 6.903  ;        ;        ; 6.903  ;
; SW[0]      ; HEX0[6]     ; 6.895  ;        ;        ; 6.895  ;
; SW[1]      ; HEX0[0]     ; 7.306  ; 7.306  ; 7.306  ; 7.306  ;
; SW[1]      ; HEX0[1]     ; 7.282  ; 7.282  ; 7.282  ; 7.282  ;
; SW[1]      ; HEX0[2]     ; 7.277  ;        ;        ; 7.277  ;
; SW[1]      ; HEX0[3]     ; 7.053  ; 7.053  ; 7.053  ; 7.053  ;
; SW[1]      ; HEX0[4]     ; 7.045  ; 7.045  ; 7.045  ; 7.045  ;
; SW[1]      ; HEX0[5]     ; 7.039  ;        ;        ; 7.039  ;
; SW[1]      ; HEX0[6]     ; 7.031  ; 7.031  ; 7.031  ; 7.031  ;
; SW[2]      ; HEX0[0]     ; 6.879  ; 6.879  ; 6.879  ; 6.879  ;
; SW[2]      ; HEX0[1]     ; 6.856  ;        ;        ; 6.856  ;
; SW[2]      ; HEX0[2]     ; 6.853  ; 6.853  ; 6.853  ; 6.853  ;
; SW[2]      ; HEX0[3]     ; 6.626  ; 6.626  ; 6.626  ; 6.626  ;
; SW[2]      ; HEX0[4]     ; 6.624  ;        ;        ; 6.624  ;
; SW[2]      ; HEX0[5]     ; 6.614  ; 6.614  ; 6.614  ; 6.614  ;
; SW[2]      ; HEX0[6]     ; 6.612  ; 6.612  ; 6.612  ; 6.612  ;
; SW[3]      ; HEX0[0]     ; 6.267  ; 6.267  ; 6.267  ; 6.267  ;
; SW[3]      ; HEX0[1]     ; 6.240  ;        ;        ; 6.240  ;
; SW[3]      ; HEX0[2]     ; 6.237  ;        ;        ; 6.237  ;
; SW[3]      ; HEX0[3]     ; 6.010  ;        ;        ; 6.010  ;
; SW[3]      ; HEX0[4]     ; 6.001  ;        ;        ; 6.001  ;
; SW[3]      ; HEX0[5]     ; 5.999  ; 5.999  ; 5.999  ; 5.999  ;
; SW[3]      ; HEX0[6]     ; 5.991  ; 5.991  ; 5.991  ; 5.991  ;
; SW[4]      ; HEX1[0]     ; 6.653  ; 6.653  ; 6.653  ; 6.653  ;
; SW[4]      ; HEX1[1]     ; 6.711  ; 6.711  ; 6.711  ; 6.711  ;
; SW[4]      ; HEX1[2]     ;        ; 6.311  ; 6.311  ;        ;
; SW[4]      ; HEX1[3]     ; 6.268  ; 6.268  ; 6.268  ; 6.268  ;
; SW[4]      ; HEX1[4]     ; 6.327  ;        ;        ; 6.327  ;
; SW[4]      ; HEX1[5]     ; 6.550  ;        ;        ; 6.550  ;
; SW[4]      ; HEX1[6]     ; 6.578  ;        ;        ; 6.578  ;
; SW[5]      ; HEX1[0]     ; 6.367  ; 6.367  ; 6.367  ; 6.367  ;
; SW[5]      ; HEX1[1]     ; 6.428  ; 6.428  ; 6.428  ; 6.428  ;
; SW[5]      ; HEX1[2]     ; 6.027  ;        ;        ; 6.027  ;
; SW[5]      ; HEX1[3]     ; 5.985  ; 5.985  ; 5.985  ; 5.985  ;
; SW[5]      ; HEX1[4]     ; 6.049  ; 6.049  ; 6.049  ; 6.049  ;
; SW[5]      ; HEX1[5]     ; 6.274  ;        ;        ; 6.274  ;
; SW[5]      ; HEX1[6]     ; 6.294  ; 6.294  ; 6.294  ; 6.294  ;
; SW[6]      ; HEX1[0]     ; 6.598  ; 6.598  ; 6.598  ; 6.598  ;
; SW[6]      ; HEX1[1]     ; 6.657  ;        ;        ; 6.657  ;
; SW[6]      ; HEX1[2]     ; 6.256  ; 6.256  ; 6.256  ; 6.256  ;
; SW[6]      ; HEX1[3]     ; 6.213  ; 6.213  ; 6.213  ; 6.213  ;
; SW[6]      ; HEX1[4]     ; 6.264  ;        ;        ; 6.264  ;
; SW[6]      ; HEX1[5]     ; 6.488  ; 6.488  ; 6.488  ; 6.488  ;
; SW[6]      ; HEX1[6]     ; 6.524  ; 6.524  ; 6.524  ; 6.524  ;
; SW[7]      ; HEX1[0]     ; 7.335  ; 7.335  ; 7.335  ; 7.335  ;
; SW[7]      ; HEX1[1]     ; 7.395  ;        ;        ; 7.395  ;
; SW[7]      ; HEX1[2]     ; 6.994  ;        ;        ; 6.994  ;
; SW[7]      ; HEX1[3]     ; 6.950  ;        ;        ; 6.950  ;
; SW[7]      ; HEX1[4]     ; 7.001  ;        ;        ; 7.001  ;
; SW[7]      ; HEX1[5]     ; 7.226  ; 7.226  ; 7.226  ; 7.226  ;
; SW[7]      ; HEX1[6]     ; 7.262  ; 7.262  ; 7.262  ; 7.262  ;
; SW[8]      ; HEX2[0]     ; 7.522  ; 7.522  ; 7.522  ; 7.522  ;
; SW[8]      ; HEX2[1]     ; 7.436  ; 7.436  ; 7.436  ; 7.436  ;
; SW[8]      ; HEX2[2]     ;        ; 7.522  ; 7.522  ;        ;
; SW[8]      ; HEX2[3]     ; 7.497  ; 7.497  ; 7.497  ; 7.497  ;
; SW[8]      ; HEX2[4]     ; 7.227  ;        ;        ; 7.227  ;
; SW[8]      ; HEX2[5]     ; 7.185  ;        ;        ; 7.185  ;
; SW[8]      ; HEX2[6]     ; 7.219  ;        ;        ; 7.219  ;
; SW[9]      ; HEX2[0]     ; 7.033  ; 7.033  ; 7.033  ; 7.033  ;
; SW[9]      ; HEX2[1]     ; 6.954  ; 6.954  ; 6.954  ; 6.954  ;
; SW[9]      ; HEX2[2]     ; 7.040  ;        ;        ; 7.040  ;
; SW[9]      ; HEX2[3]     ; 7.009  ; 7.009  ; 7.009  ; 7.009  ;
; SW[9]      ; HEX2[4]     ; 6.746  ; 6.746  ; 6.746  ; 6.746  ;
; SW[9]      ; HEX2[5]     ; 6.705  ;        ;        ; 6.705  ;
; SW[9]      ; HEX2[6]     ; 6.739  ; 6.739  ; 6.739  ; 6.739  ;
; SW[10]     ; HEX2[0]     ; 7.208  ; 7.208  ; 7.208  ; 7.208  ;
; SW[10]     ; HEX2[1]     ; 7.125  ;        ;        ; 7.125  ;
; SW[10]     ; HEX2[2]     ; 7.202  ; 7.202  ; 7.202  ; 7.202  ;
; SW[10]     ; HEX2[3]     ; 7.184  ; 7.184  ; 7.184  ; 7.184  ;
; SW[10]     ; HEX2[4]     ; 6.916  ;        ;        ; 6.916  ;
; SW[10]     ; HEX2[5]     ; 6.872  ; 6.872  ; 6.872  ; 6.872  ;
; SW[10]     ; HEX2[6]     ; 6.901  ; 6.901  ; 6.901  ; 6.901  ;
; SW[11]     ; HEX2[0]     ; 7.288  ; 7.288  ; 7.288  ; 7.288  ;
; SW[11]     ; HEX2[1]     ; 7.207  ;        ;        ; 7.207  ;
; SW[11]     ; HEX2[2]     ; 7.281  ;        ;        ; 7.281  ;
; SW[11]     ; HEX2[3]     ; 7.264  ;        ;        ; 7.264  ;
; SW[11]     ; HEX2[4]     ; 6.997  ;        ;        ; 6.997  ;
; SW[11]     ; HEX2[5]     ; 6.953  ; 6.953  ; 6.953  ; 6.953  ;
; SW[11]     ; HEX2[6]     ; 6.980  ; 6.980  ; 6.980  ; 6.980  ;
; SW[12]     ; HEX3[0]     ; 7.029  ; 7.029  ; 7.029  ; 7.029  ;
; SW[12]     ; HEX3[1]     ; 6.905  ; 6.905  ; 6.905  ; 6.905  ;
; SW[12]     ; HEX3[2]     ;        ; 6.913  ; 6.913  ;        ;
; SW[12]     ; HEX3[3]     ; 6.911  ; 6.911  ; 6.911  ; 6.911  ;
; SW[12]     ; HEX3[4]     ; 6.892  ;        ;        ; 6.892  ;
; SW[12]     ; HEX3[5]     ; 7.120  ;        ;        ; 7.120  ;
; SW[12]     ; HEX3[6]     ; 7.114  ;        ;        ; 7.114  ;
; SW[13]     ; HEX3[0]     ; 10.649 ; 10.649 ; 10.649 ; 10.649 ;
; SW[13]     ; HEX3[1]     ; 10.526 ; 10.526 ; 10.526 ; 10.526 ;
; SW[13]     ; HEX3[2]     ; 10.529 ;        ;        ; 10.529 ;
; SW[13]     ; HEX3[3]     ; 10.534 ; 10.534 ; 10.534 ; 10.534 ;
; SW[13]     ; HEX3[4]     ; 10.541 ; 10.541 ; 10.541 ; 10.541 ;
; SW[13]     ; HEX3[5]     ; 10.739 ;        ;        ; 10.739 ;
; SW[13]     ; HEX3[6]     ; 10.733 ; 10.733 ; 10.733 ; 10.733 ;
; SW[14]     ; HEX3[0]     ; 10.710 ; 10.710 ; 10.710 ; 10.710 ;
; SW[14]     ; HEX3[1]     ; 10.593 ;        ;        ; 10.593 ;
; SW[14]     ; HEX3[2]     ; 10.570 ; 10.570 ; 10.570 ; 10.570 ;
; SW[14]     ; HEX3[3]     ; 10.596 ; 10.596 ; 10.596 ; 10.596 ;
; SW[14]     ; HEX3[4]     ; 10.604 ;        ;        ; 10.604 ;
; SW[14]     ; HEX3[5]     ; 10.800 ; 10.800 ; 10.800 ; 10.800 ;
; SW[14]     ; HEX3[6]     ; 10.802 ; 10.802 ; 10.802 ; 10.802 ;
; SW[15]     ; HEX3[0]     ; 10.401 ; 10.401 ; 10.401 ; 10.401 ;
; SW[15]     ; HEX3[1]     ; 10.287 ;        ;        ; 10.287 ;
; SW[15]     ; HEX3[2]     ; 10.284 ;        ;        ; 10.284 ;
; SW[15]     ; HEX3[3]     ; 10.286 ;        ;        ; 10.286 ;
; SW[15]     ; HEX3[4]     ; 10.293 ;        ;        ; 10.293 ;
; SW[15]     ; HEX3[5]     ; 10.491 ; 10.491 ; 10.491 ; 10.491 ;
; SW[15]     ; HEX3[6]     ; 10.498 ; 10.498 ; 10.498 ; 10.498 ;
+------------+-------------+--------+--------+--------+--------+


+----------------------------------------------------------+
; Minimum Progagation Delay                                ;
+------------+-------------+-------+-------+-------+-------+
; Input Port ; Output Port ; RR    ; RF    ; FR    ; FF    ;
+------------+-------------+-------+-------+-------+-------+
; SW[0]      ; HEX0[0]     ; 3.777 ; 3.777 ; 3.777 ; 3.777 ;
; SW[0]      ; HEX0[1]     ; 3.746 ; 3.746 ; 3.746 ; 3.746 ;
; SW[0]      ; HEX0[2]     ;       ; 3.747 ; 3.747 ;       ;
; SW[0]      ; HEX0[3]     ; 3.651 ; 3.651 ; 3.651 ; 3.651 ;
; SW[0]      ; HEX0[4]     ; 3.644 ;       ;       ; 3.644 ;
; SW[0]      ; HEX0[5]     ; 3.641 ;       ;       ; 3.641 ;
; SW[0]      ; HEX0[6]     ; 3.635 ;       ;       ; 3.635 ;
; SW[1]      ; HEX0[0]     ; 3.818 ; 3.818 ; 3.818 ; 3.818 ;
; SW[1]      ; HEX0[1]     ; 3.790 ; 3.790 ; 3.790 ; 3.790 ;
; SW[1]      ; HEX0[2]     ; 3.792 ;       ;       ; 3.792 ;
; SW[1]      ; HEX0[3]     ; 3.696 ; 3.696 ; 3.696 ; 3.696 ;
; SW[1]      ; HEX0[4]     ; 3.691 ; 3.691 ; 3.691 ; 3.691 ;
; SW[1]      ; HEX0[5]     ; 3.685 ;       ;       ; 3.685 ;
; SW[1]      ; HEX0[6]     ; 3.682 ; 3.682 ; 3.682 ; 3.682 ;
; SW[2]      ; HEX0[0]     ; 3.665 ; 3.665 ; 3.665 ; 3.665 ;
; SW[2]      ; HEX0[1]     ; 3.640 ;       ;       ; 3.640 ;
; SW[2]      ; HEX0[2]     ; 3.643 ; 3.643 ; 3.643 ; 3.643 ;
; SW[2]      ; HEX0[3]     ; 3.546 ; 3.546 ; 3.546 ; 3.546 ;
; SW[2]      ; HEX0[4]     ; 3.545 ;       ;       ; 3.545 ;
; SW[2]      ; HEX0[5]     ; 3.536 ; 3.536 ; 3.536 ; 3.536 ;
; SW[2]      ; HEX0[6]     ; 3.533 ; 3.533 ; 3.533 ; 3.533 ;
; SW[3]      ; HEX0[0]     ; 3.279 ; 3.279 ; 3.279 ; 3.279 ;
; SW[3]      ; HEX0[1]     ; 3.255 ;       ;       ; 3.255 ;
; SW[3]      ; HEX0[2]     ; 3.260 ;       ;       ; 3.260 ;
; SW[3]      ; HEX0[3]     ; 3.160 ;       ;       ; 3.160 ;
; SW[3]      ; HEX0[4]     ; 3.154 ;       ;       ; 3.154 ;
; SW[3]      ; HEX0[5]     ; 3.150 ; 3.150 ; 3.150 ; 3.150 ;
; SW[3]      ; HEX0[6]     ; 3.144 ; 3.144 ; 3.144 ; 3.144 ;
; SW[4]      ; HEX1[0]     ; 3.449 ; 3.449 ; 3.449 ; 3.449 ;
; SW[4]      ; HEX1[1]     ; 3.471 ; 3.471 ; 3.471 ; 3.471 ;
; SW[4]      ; HEX1[2]     ;       ; 3.242 ; 3.242 ;       ;
; SW[4]      ; HEX1[3]     ; 3.217 ; 3.217 ; 3.217 ; 3.217 ;
; SW[4]      ; HEX1[4]     ; 3.261 ;       ;       ; 3.261 ;
; SW[4]      ; HEX1[5]     ; 3.348 ;       ;       ; 3.348 ;
; SW[4]      ; HEX1[6]     ; 3.377 ;       ;       ; 3.377 ;
; SW[5]      ; HEX1[0]     ; 3.324 ; 3.324 ; 3.324 ; 3.324 ;
; SW[5]      ; HEX1[1]     ; 3.348 ; 3.348 ; 3.348 ; 3.348 ;
; SW[5]      ; HEX1[2]     ; 3.120 ;       ;       ; 3.120 ;
; SW[5]      ; HEX1[3]     ; 3.096 ; 3.096 ; 3.096 ; 3.096 ;
; SW[5]      ; HEX1[4]     ; 3.141 ; 3.141 ; 3.141 ; 3.141 ;
; SW[5]      ; HEX1[5]     ; 3.230 ;       ;       ; 3.230 ;
; SW[5]      ; HEX1[6]     ; 3.249 ; 3.249 ; 3.249 ; 3.249 ;
; SW[6]      ; HEX1[0]     ; 3.442 ; 3.442 ; 3.442 ; 3.442 ;
; SW[6]      ; HEX1[1]     ; 3.465 ;       ;       ; 3.465 ;
; SW[6]      ; HEX1[2]     ; 3.236 ; 3.236 ; 3.236 ; 3.236 ;
; SW[6]      ; HEX1[3]     ; 3.210 ; 3.210 ; 3.210 ; 3.210 ;
; SW[6]      ; HEX1[4]     ; 3.245 ;       ;       ; 3.245 ;
; SW[6]      ; HEX1[5]     ; 3.335 ; 3.335 ; 3.335 ; 3.335 ;
; SW[6]      ; HEX1[6]     ; 3.368 ; 3.368 ; 3.368 ; 3.368 ;
; SW[7]      ; HEX1[0]     ; 3.889 ; 3.889 ; 3.889 ; 3.889 ;
; SW[7]      ; HEX1[1]     ; 3.912 ;       ;       ; 3.912 ;
; SW[7]      ; HEX1[2]     ; 3.683 ;       ;       ; 3.683 ;
; SW[7]      ; HEX1[3]     ; 3.658 ;       ;       ; 3.658 ;
; SW[7]      ; HEX1[4]     ; 3.694 ;       ;       ; 3.694 ;
; SW[7]      ; HEX1[5]     ; 3.783 ; 3.783 ; 3.783 ; 3.783 ;
; SW[7]      ; HEX1[6]     ; 3.814 ; 3.814 ; 3.814 ; 3.814 ;
; SW[8]      ; HEX2[0]     ; 3.968 ; 3.968 ; 3.968 ; 3.968 ;
; SW[8]      ; HEX2[1]     ; 3.904 ; 3.904 ; 3.904 ; 3.904 ;
; SW[8]      ; HEX2[2]     ;       ; 3.966 ; 3.966 ;       ;
; SW[8]      ; HEX2[3]     ; 3.957 ; 3.957 ; 3.957 ; 3.957 ;
; SW[8]      ; HEX2[4]     ; 3.835 ;       ;       ; 3.835 ;
; SW[8]      ; HEX2[5]     ; 3.808 ;       ;       ; 3.808 ;
; SW[8]      ; HEX2[6]     ; 3.825 ;       ;       ; 3.825 ;
; SW[9]      ; HEX2[0]     ; 3.698 ; 3.698 ; 3.698 ; 3.698 ;
; SW[9]      ; HEX2[1]     ; 3.637 ; 3.637 ; 3.637 ; 3.637 ;
; SW[9]      ; HEX2[2]     ; 3.702 ;       ;       ; 3.702 ;
; SW[9]      ; HEX2[3]     ; 3.687 ; 3.687 ; 3.687 ; 3.687 ;
; SW[9]      ; HEX2[4]     ; 3.566 ; 3.566 ; 3.566 ; 3.566 ;
; SW[9]      ; HEX2[5]     ; 3.542 ;       ;       ; 3.542 ;
; SW[9]      ; HEX2[6]     ; 3.558 ; 3.558 ; 3.558 ; 3.558 ;
; SW[10]     ; HEX2[0]     ; 3.788 ; 3.788 ; 3.788 ; 3.788 ;
; SW[10]     ; HEX2[1]     ; 3.721 ;       ;       ; 3.721 ;
; SW[10]     ; HEX2[2]     ; 3.780 ; 3.780 ; 3.780 ; 3.780 ;
; SW[10]     ; HEX2[3]     ; 3.777 ; 3.777 ; 3.777 ; 3.777 ;
; SW[10]     ; HEX2[4]     ; 3.649 ;       ;       ; 3.649 ;
; SW[10]     ; HEX2[5]     ; 3.624 ; 3.624 ; 3.624 ; 3.624 ;
; SW[10]     ; HEX2[6]     ; 3.636 ; 3.636 ; 3.636 ; 3.636 ;
; SW[11]     ; HEX2[0]     ; 3.792 ; 3.792 ; 3.792 ; 3.792 ;
; SW[11]     ; HEX2[1]     ; 3.726 ;       ;       ; 3.726 ;
; SW[11]     ; HEX2[2]     ; 3.787 ;       ;       ; 3.787 ;
; SW[11]     ; HEX2[3]     ; 3.780 ;       ;       ; 3.780 ;
; SW[11]     ; HEX2[4]     ; 3.653 ;       ;       ; 3.653 ;
; SW[11]     ; HEX2[5]     ; 3.628 ; 3.628 ; 3.628 ; 3.628 ;
; SW[11]     ; HEX2[6]     ; 3.640 ; 3.640 ; 3.640 ; 3.640 ;
; SW[12]     ; HEX3[0]     ; 3.664 ; 3.664 ; 3.664 ; 3.664 ;
; SW[12]     ; HEX3[1]     ; 3.621 ; 3.621 ; 3.621 ; 3.621 ;
; SW[12]     ; HEX3[2]     ;       ; 3.632 ; 3.632 ;       ;
; SW[12]     ; HEX3[3]     ; 3.635 ; 3.635 ; 3.635 ; 3.635 ;
; SW[12]     ; HEX3[4]     ; 3.637 ;       ;       ; 3.637 ;
; SW[12]     ; HEX3[5]     ; 3.704 ;       ;       ; 3.704 ;
; SW[12]     ; HEX3[6]     ; 3.700 ;       ;       ; 3.700 ;
; SW[13]     ; HEX3[0]     ; 5.899 ; 5.899 ; 5.899 ; 5.899 ;
; SW[13]     ; HEX3[1]     ; 5.863 ; 5.863 ; 5.863 ; 5.863 ;
; SW[13]     ; HEX3[2]     ; 5.871 ;       ;       ; 5.871 ;
; SW[13]     ; HEX3[3]     ; 5.870 ; 5.870 ; 5.870 ; 5.870 ;
; SW[13]     ; HEX3[4]     ; 5.871 ; 5.871 ; 5.871 ; 5.871 ;
; SW[13]     ; HEX3[5]     ; 5.942 ;       ;       ; 5.942 ;
; SW[13]     ; HEX3[6]     ; 5.941 ; 5.941 ; 5.941 ; 5.941 ;
; SW[14]     ; HEX3[0]     ; 5.946 ; 5.946 ; 5.946 ; 5.946 ;
; SW[14]     ; HEX3[1]     ; 5.913 ;       ;       ; 5.913 ;
; SW[14]     ; HEX3[2]     ; 5.915 ; 5.915 ; 5.915 ; 5.915 ;
; SW[14]     ; HEX3[3]     ; 5.917 ; 5.917 ; 5.917 ; 5.917 ;
; SW[14]     ; HEX3[4]     ; 5.919 ;       ;       ; 5.919 ;
; SW[14]     ; HEX3[5]     ; 5.986 ; 5.986 ; 5.986 ; 5.986 ;
; SW[14]     ; HEX3[6]     ; 5.992 ; 5.992 ; 5.992 ; 5.992 ;
; SW[15]     ; HEX3[0]     ; 5.798 ; 5.798 ; 5.798 ; 5.798 ;
; SW[15]     ; HEX3[1]     ; 5.770 ;       ;       ; 5.770 ;
; SW[15]     ; HEX3[2]     ; 5.769 ;       ;       ; 5.769 ;
; SW[15]     ; HEX3[3]     ; 5.769 ;       ;       ; 5.769 ;
; SW[15]     ; HEX3[4]     ; 5.770 ;       ;       ; 5.770 ;
; SW[15]     ; HEX3[5]     ; 5.838 ; 5.838 ; 5.838 ; 5.838 ;
; SW[15]     ; HEX3[6]     ; 5.849 ; 5.849 ; 5.849 ; 5.849 ;
+------------+-------------+-------+-------+-------+-------+


-------------------
; Clock Transfers ;
-------------------
Nothing to report.


---------------
; Report TCCS ;
---------------
No dedicated SERDES Transmitter circuitry present in device or used in design


---------------
; Report RSKM ;
---------------
No dedicated SERDES Receiver circuitry present in device or used in design


+------------------------------------------------+
; Unconstrained Paths                            ;
+---------------------------------+-------+------+
; Property                        ; Setup ; Hold ;
+---------------------------------+-------+------+
; Illegal Clocks                  ; 0     ; 0    ;
; Unconstrained Clocks            ; 0     ; 0    ;
; Unconstrained Input Ports       ; 16    ; 16   ;
; Unconstrained Input Port Paths  ; 112   ; 112  ;
; Unconstrained Output Ports      ; 28    ; 28   ;
; Unconstrained Output Port Paths ; 112   ; 112  ;
+---------------------------------+-------+------+


+------------------------------------+
; TimeQuest Timing Analyzer Messages ;
+------------------------------------+
Info: *******************************************************************
Info: Running Quartus II 64-Bit TimeQuest Timing Analyzer
    Info: Version 13.0.1 Build 232 06/12/2013 Service Pack 1 SJ Web Edition
    Info: Processing started: Thu Apr 28 11:59:58 2016
Info: Command: quartus_sta topoPart1 -c topoPart1
Info: qsta_default_script.tcl version: #1
Warning (20028): Parallel compilation is not licensed and has been disabled
Info (21077): Low junction temperature is 0 degrees C
Info (21077): High junction temperature is 85 degrees C
Critical Warning (332012): Synopsys Design Constraints File file not found: 'topoPart1.sdc'. A Synopsys Design Constraints File is required by the TimeQuest Timing Analyzer to get proper timing constraints. Without it, the Compiler will not properly optimize the design.
Info (332142): No user constrained base clocks found in the design. Calling "derive_clocks -period 1.0"
Info (332096): The command derive_clocks did not find any clocks to derive.  No clocks were created or changed.
Warning (332068): No clocks defined in design.
Info: Found TIMEQUEST_REPORT_SCRIPT_INCLUDE_DEFAULT_ANALYSIS = ON
Info (332159): No clocks to report
Info: Analyzing Slow Model
Info (332140): No fmax paths to report
Info (332140): No Setup paths to report
Info (332140): No Hold paths to report
Info (332140): No Recovery paths to report
Info (332140): No Removal paths to report
Info (332140): No Minimum Pulse Width paths to report
Info (332001): The selected device family is not supported by the report_metastability command.
Info: Analyzing Fast Model
Info (332142): No user constrained base clocks found in the design. Calling "derive_clocks -period 1.0"
Info (332096): The command derive_clocks did not find any clocks to derive.  No clocks were created or changed.
Warning (332068): No clocks defined in design.
Info (332140): No Setup paths to report
Info (332140): No Hold paths to report
Info (332140): No Recovery paths to report
Info (332140): No Removal paths to report
Info (332140): No Minimum Pulse Width paths to report
Info (332001): The selected device family is not supported by the report_metastability command.
Info (332102): Design is not fully constrained for setup requirements
Info (332102): Design is not fully constrained for hold requirements
Info: Quartus II 64-Bit TimeQuest Timing Analyzer was successful. 0 errors, 4 warnings
    Info: Peak virtual memory: 440 megabytes
    Info: Processing ended: Thu Apr 28 11:59:59 2016
    Info: Elapsed time: 00:00:01
    Info: Total CPU time (on all processors): 00:00:01


